error[E0277]: Cannot select `bad::columns::age` from `users::table`
  --> tests/fail/custom_returning_requires_selectable_expression.rs:29:78
   |
29 |     let stmt = update(users.filter(id.eq(1))).set(name.eq("Bill")).returning(bad::age);
   |                                                                    --------- ^^^^^^^^ the trait `SelectableExpression<users::table>` is not implemented for `bad::columns::age`
   |                                                                    |
   |                                                                    required by a bound introduced by this call
   |
   = note: `bad::columns::age` is no valid selection for `users::table`
   = help: the following other types implement trait `SelectableExpression<QS>`:
             <bad::columns::age as SelectableExpression<bad::table>>
             <bad::columns::age as SelectableExpression<query_source::joins::Join<Left, Right, Inner>>>
             <bad::columns::age as SelectableExpression<query_source::joins::Join<Left, Right, LeftOuter>>>
             <bad::columns::age as SelectableExpression<SelectStatement<FromClause<From>>>>
             <bad::columns::age as SelectableExpression<JoinOn<Join, On>>>
             <bad::columns::age as SelectableExpression<Only<bad::table>>>
   = note: required for `UpdateStatement<table, WhereClause<Grouped<Eq<id, Bound<Integer, i32>>>>, Assign<..., ...>, ...>` to implement `Query`
note: required by a bound in `UpdateStatement::<T, U, V>::returning`
  --> $DIESEL/src/query_builder/update_statement/mod.rs
   |
   |     pub fn returning<E>(self, returns: E) -> UpdateStatement<T, U, V, ReturningClause<E>>
   |            --------- required by a bound in this associated function
...
   |         UpdateStatement<T, U, V, ReturningClause<E>>: Query,
   |                                                       ^^^^^ required by this bound in `UpdateStatement::<T, U, V>::returning`

error[E0277]: Cannot select `bad::columns::age` from `users::table`
  --> tests/fail/custom_returning_requires_selectable_expression.rs:34:63
   |
34 |     let stmt = insert_into(users).values(&new_user).returning((name, bad::age));
   |                                                     --------- ^^^^^^^^^^^^^^^^ the trait `SelectableExpression<users::table>` is not implemented for `bad::columns::age`
   |                                                     |
   |                                                     required by a bound introduced by this call
   |
   = note: `bad::columns::age` is no valid selection for `users::table`
   = help: the following other types implement trait `SelectableExpression<QS>`:
             <bad::columns::age as SelectableExpression<bad::table>>
             <bad::columns::age as SelectableExpression<query_source::joins::Join<Left, Right, Inner>>>
             <bad::columns::age as SelectableExpression<query_source::joins::Join<Left, Right, LeftOuter>>>
             <bad::columns::age as SelectableExpression<SelectStatement<FromClause<From>>>>
             <bad::columns::age as SelectableExpression<JoinOn<Join, On>>>
             <bad::columns::age as SelectableExpression<Only<bad::table>>>
   = note: required for `(users::columns::name, bad::columns::age)` to implement `SelectableExpression<users::table>`
   = note: required for `InsertStatement<table, ValuesClause<(DefaultableColumnInsertValue<...>,), ...>, ..., ...>` to implement `Query`
note: required by a bound in `InsertStatement::<T, U, Op>::returning`
  --> $DIESEL/src/query_builder/insert_statement/mod.rs
   |
   |     pub fn returning<E>(self, returns: E) -> InsertStatement<T, U, Op, ReturningClause<E>>
   |            --------- required by a bound in this associated function
   |     where
   |         InsertStatement<T, U, Op, ReturningClause<E>>: Query,
   |                                                        ^^^^^ required by this bound in `InsertStatement::<T, U, Op>::returning`

error[E0271]: type mismatch resolving `<table as AppearsInFromClause<table>>::Count == Once`
  --> tests/fail/custom_returning_requires_selectable_expression.rs:34:63
   |
34 |     let stmt = insert_into(users).values(&new_user).returning((name, bad::age));
   |                                                     --------- ^^^^^^^^^^^^^^^^ expected `Once`, found `Never`
   |                                                     |
   |                                                     required by a bound introduced by this call
   |
note: required for `bad::columns::age` to implement `AppearsInQuery<users::table>`
  --> tests/fail/custom_returning_requires_selectable_expression.rs:16:7
   |
16 |       age -> Integer,
   |       ^^^
   = note: 1 redundant requirement hidden
   = note: required for `(users::columns::name, bad::columns::age)` to implement `AppearsInQuery<users::table>`
   = note: required for `(users::columns::name, bad::columns::age)` to implement `SelectableExpression<users::table>`
   = note: required for `InsertStatement<table, ValuesClause<(DefaultableColumnInsertValue<...>,), ...>, ..., ...>` to implement `Query`
note: required by a bound in `InsertStatement::<T, U, Op>::returning`
  --> $DIESEL/src/query_builder/insert_statement/mod.rs
   |
   |     pub fn returning<E>(self, returns: E) -> InsertStatement<T, U, Op, ReturningClause<E>>
   |            --------- required by a bound in this associated function
   |     where
   |         InsertStatement<T, U, Op, ReturningClause<E>>: Query,
   |                                                        ^^^^^ required by this bound in `InsertStatement::<T, U, Op>::returning`

error[E0277]: the trait bound `users::table: TableNotEqual<bad::table>` is not satisfied
  --> tests/fail/custom_returning_requires_selectable_expression.rs:34:63
   |
34 |     let stmt = insert_into(users).values(&new_user).returning((name, bad::age));
   |                                                     --------- ^^^^^^^^^^^^^^^^ the trait `TableNotEqual<bad::table>` is not implemented for `users::table`
   |                                                     |
   |                                                     required by a bound introduced by this call
   |
   = help: the following other types implement trait `TableNotEqual<T>`:
             <Only<pg::metadata_lookup::pg_namespace::table> as TableNotEqual<pg::metadata_lookup::pg_type::table>>
             <Only<pg::metadata_lookup::pg_type::table> as TableNotEqual<pg::metadata_lookup::pg_namespace::table>>
             <pg::metadata_lookup::pg_namespace::table as TableNotEqual<Only<pg::metadata_lookup::pg_type::table>>>
             <pg::metadata_lookup::pg_namespace::table as TableNotEqual<pg::metadata_lookup::pg_type::table>>
             <pg::metadata_lookup::pg_type::table as TableNotEqual<Only<pg::metadata_lookup::pg_namespace::table>>>
             <pg::metadata_lookup::pg_type::table as TableNotEqual<pg::metadata_lookup::pg_namespace::table>>
   = note: required for `users::table` to implement `AppearsInFromClause<bad::table>`
note: required for `bad::columns::age` to implement `AppearsInQuery<users::table>`
  --> tests/fail/custom_returning_requires_selectable_expression.rs:16:7
   |
16 |       age -> Integer,
   |       ^^^
   = note: 1 redundant requirement hidden
   = note: required for `(users::columns::name, bad::columns::age)` to implement `AppearsInQuery<users::table>`
   = note: required for `(users::columns::name, bad::columns::age)` to implement `SelectableExpression<users::table>`
   = note: required for `InsertStatement<table, ValuesClause<(DefaultableColumnInsertValue<...>,), ...>, ..., ...>` to implement `Query`
note: required by a bound in `InsertStatement::<T, U, Op>::returning`
  --> $DIESEL/src/query_builder/insert_statement/mod.rs
   |
   |     pub fn returning<E>(self, returns: E) -> InsertStatement<T, U, Op, ReturningClause<E>>
   |            --------- required by a bound in this associated function
   |     where
   |         InsertStatement<T, U, Op, ReturningClause<E>>: Query,
   |                                                        ^^^^^ required by this bound in `InsertStatement::<T, U, Op>::returning`
