error[E0271]: type mismatch resolving `<table as AppearsInFromClause<table>>::Count == Once`
  --> tests/fail/order_requires_column_from_same_table.rs:18:31
   |
18 |     let source = users::table.order(posts::id);
   |                               ^^^^^ expected `Never`, found `Once`
   |
note: required for `posts::columns::id` to implement `AppearsInQuery<users::table>`
  --> tests/fail/order_requires_column_from_same_table.rs:13:9
   |
13 |         id -> Integer,
   |         ^^
   = note: required for `SelectStatement<FromClause<users::table>>` to implement `OrderDsl<posts::columns::id>`

error[E0277]: the trait bound `users::table: TableNotEqual<posts::table>` is not satisfied
  --> tests/fail/order_requires_column_from_same_table.rs:18:31
   |
18 |     let source = users::table.order(posts::id);
   |                               ^^^^^ the trait `TableNotEqual<posts::table>` is not implemented for `users::table`
   |
   = help: the following other types implement trait `TableNotEqual<T>`:
             <Only<pg::metadata_lookup::pg_namespace::table> as TableNotEqual<pg::metadata_lookup::pg_type::table>>
             <Only<pg::metadata_lookup::pg_type::table> as TableNotEqual<pg::metadata_lookup::pg_namespace::table>>
             <pg::metadata_lookup::pg_namespace::table as TableNotEqual<Only<pg::metadata_lookup::pg_type::table>>>
             <pg::metadata_lookup::pg_namespace::table as TableNotEqual<pg::metadata_lookup::pg_type::table>>
             <pg::metadata_lookup::pg_type::table as TableNotEqual<Only<pg::metadata_lookup::pg_namespace::table>>>
             <pg::metadata_lookup::pg_type::table as TableNotEqual<pg::metadata_lookup::pg_namespace::table>>
   = note: required for `users::table` to implement `AppearsInFromClause<posts::table>`
note: required for `posts::columns::id` to implement `AppearsInQuery<users::table>`
  --> tests/fail/order_requires_column_from_same_table.rs:13:9
   |
13 |         id -> Integer,
   |         ^^
   = note: required for `SelectStatement<FromClause<users::table>>` to implement `OrderDsl<posts::columns::id>`
