warning: use of deprecated function `diesel::dsl::any`: Use `ExpressionMethods::eq_any` instead
  --> tests/fail/subselect_cannot_reference_random_tables.rs:35:30
   |
35 |         .filter(users::id.eq(any(
   |                              ^^^
   |
   = note: `#[warn(deprecated)]` on by default

warning: use of deprecated function `diesel::dsl::any`: Use `ExpressionMethods::eq_any` instead
  --> tests/fail/subselect_cannot_reference_random_tables.rs:26:23
   |
26 |     use diesel::dsl::{any, exists};
   |                       ^^^

error[E0271]: type mismatch resolving `<Join<table, table, Inner> as AppearsInFromClause<table>>::Count == Once`
  --> tests/fail/subselect_cannot_reference_random_tables.rs:32:25
   |
32 |         .load::<(i32,)>(&mut conn);
   |          ----           ^^^^^^^^^ expected `Once`, found `Never`
   |          |
   |          required by a bound introduced by this call
   |
note: required for `comments::columns::id` to implement `AppearsInQuery<query_source::joins::Join<posts::table, users::table, Inner>>`
  --> tests/fail/subselect_cannot_reference_random_tables.rs:19:9
   |
19 |         id -> Integer,
   |         ^^
   = note: 2 redundant requirements hidden
   = note: required for `Grouped<Eq<id, Bound<Integer, i32>>>` to implement `AppearsInQuery<query_source::joins::Join<posts::table, users::table, Inner>>`
   = note: required for `WhereClause<Grouped<Eq<id, Bound<Integer, i32>>>>` to implement `diesel::query_builder::where_clause::ValidWhereClause<FromClause<query_source::joins::Join<posts::table, users::table, Inner>>>`
   = note: required for `SelectStatement<FromClause<table>, SelectClause<id>, NoDistinctClause, WhereClause<Grouped<Eq<id, ...>>>>` to implement `diesel::expression::subselect::ValidSubselect<users::table>`
   = note: 4 redundant requirements hidden
   = note: required for `WhereClause<Grouped<In<id, Subselect<SelectStatement<FromClause<table>, SelectClause<id>, ..., ...>, ...>>>>` to implement `diesel::query_builder::where_clause::ValidWhereClause<FromClause<users::table>>`
   = note: required for `SelectStatement<FromClause<table>, DefaultSelectClause<FromClause<table>>, NoDistinctClause, WhereClause<...>>` to implement `Query`
   = note: required for `SelectStatement<FromClause<table>, DefaultSelectClause<FromClause<table>>, NoDistinctClause, WhereClause<...>>` to implement `LoadQuery<'_, _, (i32,)>`
note: required by a bound in `diesel::RunQueryDsl::load`
  --> $DIESEL/src/query_dsl/mod.rs
   |
   |     fn load<'query, U>(self, conn: &mut Conn) -> QueryResult<Vec<U>>
   |        ---- required by a bound in this associated function
   |     where
   |         Self: LoadQuery<'query, Conn, U>,
   |               ^^^^^^^^^^^^^^^^^^^^^^^^^^ required by this bound in `RunQueryDsl::load`

error[E0271]: type mismatch resolving `<Join<table, table, Inner> as AppearsInFromClause<table>>::Count == Once`
  --> tests/fail/subselect_cannot_reference_random_tables.rs:38:25
   |
38 |         .load::<(i32,)>(&mut conn);
   |          ----           ^^^^^^^^^ expected `Once`, found `Never`
   |          |
   |          required by a bound introduced by this call
   |
note: required for `comments::columns::id` to implement `AppearsInQuery<query_source::joins::Join<posts::table, users::table, Inner>>`
  --> tests/fail/subselect_cannot_reference_random_tables.rs:19:9
   |
19 |         id -> Integer,
   |         ^^
   = note: 2 redundant requirements hidden
   = note: required for `Grouped<Eq<id, Bound<Integer, i32>>>` to implement `AppearsInQuery<query_source::joins::Join<posts::table, users::table, Inner>>`
   = note: required for `WhereClause<Grouped<Eq<id, Bound<Integer, i32>>>>` to implement `diesel::query_builder::where_clause::ValidWhereClause<FromClause<query_source::joins::Join<posts::table, users::table, Inner>>>`
   = note: required for `SelectStatement<FromClause<table>, SelectClause<id>, NoDistinctClause, WhereClause<Grouped<Eq<id, ...>>>>` to implement `diesel::expression::subselect::ValidSubselect<users::table>`
   = note: 5 redundant requirements hidden
   = note: required for `WhereClause<Grouped<Eq<id, Any<Subselect<SelectStatement<FromClause<table>, ..., ..., ...>, ...>>>>>` to implement `diesel::query_builder::where_clause::ValidWhereClause<FromClause<users::table>>`
   = note: required for `SelectStatement<FromClause<table>, DefaultSelectClause<FromClause<table>>, NoDistinctClause, WhereClause<...>>` to implement `Query`
   = note: required for `SelectStatement<FromClause<table>, DefaultSelectClause<FromClause<table>>, NoDistinctClause, WhereClause<...>>` to implement `LoadQuery<'_, _, (i32,)>`
note: required by a bound in `diesel::RunQueryDsl::load`
  --> $DIESEL/src/query_dsl/mod.rs
   |
   |     fn load<'query, U>(self, conn: &mut Conn) -> QueryResult<Vec<U>>
   |        ---- required by a bound in this associated function
   |     where
   |         Self: LoadQuery<'query, Conn, U>,
   |               ^^^^^^^^^^^^^^^^^^^^^^^^^^ required by this bound in `RunQueryDsl::load`

error[E0271]: type mismatch resolving `<Join<table, table, Inner> as AppearsInFromClause<table>>::Count == Once`
  --> tests/fail/subselect_cannot_reference_random_tables.rs:42:25
   |
42 |         .load::<(i32,)>(&mut conn);
   |          ----           ^^^^^^^^^ expected `Once`, found `Never`
   |          |
   |          required by a bound introduced by this call
   |
note: required for `comments::columns::id` to implement `AppearsInQuery<query_source::joins::Join<posts::table, users::table, Inner>>`
  --> tests/fail/subselect_cannot_reference_random_tables.rs:19:9
   |
19 |         id -> Integer,
   |         ^^
   = note: 2 redundant requirements hidden
   = note: required for `Grouped<Eq<id, Bound<Integer, i32>>>` to implement `AppearsInQuery<query_source::joins::Join<posts::table, users::table, Inner>>`
   = note: required for `WhereClause<Grouped<Eq<id, Bound<Integer, i32>>>>` to implement `diesel::query_builder::where_clause::ValidWhereClause<FromClause<query_source::joins::Join<posts::table, users::table, Inner>>>`
   = note: required for `SelectStatement<FromClause<table>, DefaultSelectClause<FromClause<table>>, NoDistinctClause, WhereClause<...>>` to implement `diesel::expression::subselect::ValidSubselect<users::table>`
   = note: 3 redundant requirements hidden
   = note: required for `WhereClause<Exists<SelectStatement<FromClause<table>, DefaultSelectClause<FromClause<table>>, ..., ...>>>` to implement `diesel::query_builder::where_clause::ValidWhereClause<FromClause<users::table>>`
   = note: required for `SelectStatement<FromClause<table>, DefaultSelectClause<FromClause<table>>, NoDistinctClause, WhereClause<...>>` to implement `Query`
   = note: required for `SelectStatement<FromClause<table>, DefaultSelectClause<FromClause<table>>, NoDistinctClause, WhereClause<...>>` to implement `LoadQuery<'_, _, (i32,)>`
note: required by a bound in `diesel::RunQueryDsl::load`
  --> $DIESEL/src/query_dsl/mod.rs
   |
   |     fn load<'query, U>(self, conn: &mut Conn) -> QueryResult<Vec<U>>
   |        ---- required by a bound in this associated function
   |     where
   |         Self: LoadQuery<'query, Conn, U>,
   |               ^^^^^^^^^^^^^^^^^^^^^^^^^^ required by this bound in `RunQueryDsl::load`
