error[E0271]: type mismatch resolving `<Grouped<Eq<title, Bound<Text, &str>>> as AsChangeset>::Target == table`
  --> tests/fail/update_requires_column_be_from_same_table.rs:22:37
   |
22 |     let command = update(users).set(posts::title.eq("Hello"));
   |                                 --- ^^^^^^^^^^^^^^^^^^^^^^^^ expected `users::table`, found `posts::table`
   |                                 |
   |                                 required by a bound introduced by this call
   |
   = note: `posts::table` and `users::table` have similar names, but are actually distinct types
note: `posts::table` is defined in module `crate::posts` of the current crate
  --> tests/fail/update_requires_column_be_from_same_table.rs:12:1
   |
12 | / table! {
13 | |     posts {
14 | |         id -> Integer,
15 | |         title -> VarChar,
16 | |     }
17 | | }
   | |_^
note: `users::table` is defined in module `crate::users` of the current crate
  --> tests/fail/update_requires_column_be_from_same_table.rs:5:1
   |
5  | / table! {
6  | |     users {
7  | |         id -> Integer,
8  | |         name -> VarChar,
9  | |     }
10 | | }
   | |_^
note: the method call chain might not have had the expected associated types
  --> tests/fail/update_requires_column_be_from_same_table.rs:22:50
   |
22 |     let command = update(users).set(posts::title.eq("Hello"));
   |                                     ------------ ^^^^^^^^^^^ `AsChangeset::Target` is `table` here
   |                                     |
   |                                     this expression has type `title`
note: required by a bound in `UpdateStatement::<T, U>::set`
  --> $DIESEL/src/query_builder/update_statement/mod.rs
   |
   |     pub fn set<V>(self, values: V) -> UpdateStatement<T, U, V::Changeset>
   |            --- required by a bound in this associated function
...
   |         V: changeset::AsChangeset<Target = T>,
   |                                   ^^^^^^^^^^ required by this bound in `UpdateStatement::<T, U>::set`
   = note: this error originates in the macro `table` (in Nightly builds, run with -Z macro-backtrace for more info)

error[E0271]: type mismatch resolving `<table as AppearsInFromClause<table>>::Count == Once`
  --> tests/fail/update_requires_column_be_from_same_table.rs:23:33
   |
23 |     let command = update(users).set(name.eq(posts::title));
   |                                 ^^^ expected `Never`, found `Once`
   |
note: required for `posts::columns::title` to implement `AppearsInQuery<users::table>`
  --> tests/fail/update_requires_column_be_from_same_table.rs:15:9
   |
15 |         title -> VarChar,
   |         ^^^^^
   = note: required for `diesel::expression::operators::Eq<users::columns::name, posts::columns::title>` to implement `AsChangeset`

error[E0277]: the trait bound `users::table: TableNotEqual<posts::table>` is not satisfied
  --> tests/fail/update_requires_column_be_from_same_table.rs:23:33
   |
23 |     let command = update(users).set(name.eq(posts::title));
   |                                 ^^^ the trait `TableNotEqual<posts::table>` is not implemented for `users::table`
   |
   = help: the following other types implement trait `TableNotEqual<T>`:
             <Only<pg::metadata_lookup::pg_namespace::table> as TableNotEqual<pg::metadata_lookup::pg_type::table>>
             <Only<pg::metadata_lookup::pg_type::table> as TableNotEqual<pg::metadata_lookup::pg_namespace::table>>
             <pg::metadata_lookup::pg_namespace::table as TableNotEqual<Only<pg::metadata_lookup::pg_type::table>>>
             <pg::metadata_lookup::pg_namespace::table as TableNotEqual<pg::metadata_lookup::pg_type::table>>
             <pg::metadata_lookup::pg_type::table as TableNotEqual<Only<pg::metadata_lookup::pg_namespace::table>>>
             <pg::metadata_lookup::pg_type::table as TableNotEqual<pg::metadata_lookup::pg_namespace::table>>
   = note: required for `users::table` to implement `AppearsInFromClause<posts::table>`
note: required for `posts::columns::title` to implement `AppearsInQuery<users::table>`
  --> tests/fail/update_requires_column_be_from_same_table.rs:15:9
   |
15 |         title -> VarChar,
   |         ^^^^^
   = note: required for `diesel::expression::operators::Eq<users::columns::name, posts::columns::title>` to implement `AsChangeset`
